5 4 1 6 8 9 3 2 7 
2 7 6 3 5 1 8 4 9 
3 9 8 4 7 2 5 6 1 
1 5 9 2 3 4 6 7 8 
6 3 2 7 1 5 9 5 4 
7 8 4 5 9 6 2 1 3 
9 1 7 8 2 5 4 3 6 
8 6 5 1 4 3 7 9 2 
4 2 3 9 6 7 1 8 5 
