6 1 9 8 2 5 7 3 4 
2 8 4 6 3 7 1 9 5 
5 3 7 9 4 1 2 6 8 
7 6 8 2 9 3 4 5 1 
4 9 5 7 1 6 8 2 3 
3 2 1 4 5 8 6 7 9 
9 7 3 1 8 2 5 4 6 
1 5 2 3 6 4 9 8 7 
8 4 6 5 7 9 3 1 2 
