3 7 9 4 8 5 2 6 1
1 6 5 7 2 3 8 9 4
4 2 8 1 9 6 3 5 7
5 1 2 6 4 7 9 8 3
7 8 3 5 3 9 6 1 2
9 3 6 8 1 2 4 7 5
8 4 7 3 6 1 5 2 9
6 9 1 2 5 4 7 3 8
2 5 3 9 7 8 1 4 6
