5 8 1 6 2 3 7 9 4
4 2 3 7 9 8 1 6 5
6 9 7 1 5 4 2 8 3
9 7 2 3 8 5 4 1 6
8 1 6 4 7 9 5 3 2
3 4 5 2 1 6 8 7 9
1 5 4 9 6 7 3 2 8
2 6 8 5 3 1 9 4 7
7 3 9 8 4 2 6 5 1
